
     Program PW2WANNIER v.6.8 starts on 18Jan2022 at 11:22:31 

     This program is part of the open-source Quantum ESPRESSO suite
     for quantum simulation of materials; please cite
         "P. Giannozzi et al., J. Phys.:Condens. Matter 21 395502 (2009);
         "P. Giannozzi et al., J. Phys.:Condens. Matter 29 465901 (2017);
         "P. Giannozzi et al., J. Chem. Phys. 152 154105 (2020);
          URL http://www.quantum-espresso.org", 
     in publications or presentations arising from this work. More details at
     http://www.quantum-espresso.org/quote

     Parallel version (MPI), running on     8 processors

     MPI processes distributed on     1 nodes
     R & G space division:  proc/nbgrp/npool/nimage =       8
     91380 MiB available memory on the printing compute node when the environment starts


  Reading nscf_save data

     Reading xml data from directory:

     ./si.save/
     Message from routine scan_end:
     No INFO block end statement, possibly corrupted file
     file Si_HSCV_PBE-1.0.UPF: wavefunction(s)  NL renormalized

     IMPORTANT: XC functional enforced from input :
     Exchange-correlation= PBE
                           (   1   4   3   4   0   0   0)
     Any further DFT definition will be discarded
     Please, verify this is what you really want


     Parallelization info
     --------------------
     sticks:   dense  smooth     PW     G-vecs:    dense   smooth      PW
     Min          45      45     15                  570      570     117
     Max          46      46     16                  573      573     121
     Sum         361     361    121                 4573     4573     941

     Using Slab Decomposition

     Reading collected, re-writing distributed wavefunctions

  Spin CASE ( default = unpolarized )

  Wannier mode is: standalone     

  -----------------
  *** Reading nnkp 
  -----------------

  Checking info from wannier.nnkp file

  - Real lattice is ok
  - Reciprocal lattice is ok
  - K-points are ok
  - Number of wannier functions is ok (  4)
  - All guiding functions are given 

 Projections:
   -0.747265    0.425235    0.453600  0  1  1    1.000000
   -0.830405    0.776040    0.720435  0  1  1    1.000000
   -0.491220    0.188965    0.521335  0  1  1    1.000000
   -0.409535    0.195155    0.230840  0  1  1    1.000000

  Reading data about k-point neighbours 

  All neighbours are found 

  Opening pp-files 


  --------------------------
  *** Compute  A projections
  --------------------------

  AMN: iknum =       64
       1       2       3       4       5       6       7       8       9      10
      11      12      13      14      15      16      17      18      19      20
      21      22      23      24      25      26      27      28      29      30
      31      32      33      34      35      36      37      38      39      40
      41      42      43      44      45      46      47      48      49      50
      51      52      53      54      55      56      57      58      59      60
      61      62      63      64

  AMN calculated

  ---------------
  *** Compute  M 
  ---------------

  MMN: iknum =       64
       1 nwordwfc:          328
 npw:           70
       2 nwordwfc:          328
 npw:           71
       3 nwordwfc:          328
 npw:           71
       4 nwordwfc:          328
 npw:           74
       5 nwordwfc:          328
 npw:           71
       6 nwordwfc:          328
 npw:           71
       7 nwordwfc:          328
 npw:           70
       8 nwordwfc:          328
 npw:           70
       9 nwordwfc:          328
 npw:           68
      10
 nwordwfc:          328
 npw:           69
      11 nwordwfc:          328
 npw:           72
      12 nwordwfc:          328
 npw:           68
      13 nwordwfc:          328
 npw:           67
      14 nwordwfc:          328
 npw:           69
      15 nwordwfc:          328
 npw:           68
      16 nwordwfc:          328
 npw:           70
      17 nwordwfc:          328
 npw:           74
      18 nwordwfc:          328
 npw:           73
      19 nwordwfc:          328
 npw:           77
      20
 nwordwfc:          328
 npw:           73
      21 nwordwfc:          328
 npw:           74
      22 nwordwfc:          328
 npw:           72
      23 nwordwfc:          328
 npw:           74
      24 nwordwfc:          328
 npw:           72
      25 nwordwfc:          328
 npw:           70
      26 nwordwfc:          328
 npw:           73
      27 nwordwfc:          328
 npw:           74
      28 nwordwfc:          328
 npw:           72
      29 nwordwfc:          328
 npw:           70
      30
 nwordwfc:          328
 npw:           71
      31 nwordwfc:          328
 npw:           71
      32 nwordwfc:          328
 npw:           74
      33 nwordwfc:          328
 npw:           74
      34 nwordwfc:          328
 npw:           76
      35 nwordwfc:          328
 npw:           82
      36 nwordwfc:          328
 npw:           78
      37 nwordwfc:          328
 npw:           75
      38 nwordwfc:          328
 npw:           75
      39 nwordwfc:          328
 npw:           77
      40
 nwordwfc:          328
 npw:           78
      41 nwordwfc:          328
 npw:           78
      42 nwordwfc:          328
 npw:           75
      43 nwordwfc:          328
 npw:           75
      44 nwordwfc:          328
 npw:           77
      45 nwordwfc:          328
 npw:           74
      46 nwordwfc:          328
 npw:           70
      47 nwordwfc:          328
 npw:           77
      48 nwordwfc:          328
 npw:           77
      49 nwordwfc:          328
 npw:           78
      50
 nwordwfc:          328
 npw:           77
      51 nwordwfc:          328
 npw:           79
      52 nwordwfc:          328
 npw:           79
      53 nwordwfc:          328
 npw:           81
      54 nwordwfc:          328
 npw:           77
      55 nwordwfc:          328
 npw:           78
      56 nwordwfc:          328
 npw:           81
      57 nwordwfc:          328
 npw:           80
      58 nwordwfc:          328
 npw:           79
      59 nwordwfc:          328
 npw:           78
      60
 nwordwfc:          328
 npw:           81
      61 nwordwfc:          328
 npw:           81
      62 nwordwfc:          328
 npw:           75
      63 nwordwfc:          328
 npw:           77
      64 nwordwfc:          328
 npw:           78


  MMN calculated

  -----------------------------------
  *** Orbital terms are not computed 
  -----------------------------------

  -----------------------------------
  *** SHC terms are not computed 
  -----------------------------------

  ----------------
  *** Write bands 
  ----------------


  --------------------
  *** Write plot info 
  --------------------

 UNK: iknum =       64
       1       2       3       4       5       6       7       8       9      10
      11      12      13      14      15      16      17      18      19      20
      21      22      23      24      25      26      27      28      29      30
      31      32      33      34      35      36      37      38      39      40
      41      42      43      44      45      46      47      48      49      50
      51      52      53      54      55      56      57      58      59      60
      61      62      63      64

  UNK written

  -----------------------------
  *** Parity info is not printed 
  -----------------------------

  ------------
  *** Stop pp 
  ------------


     init_pw2wan  :      0.16s CPU      0.16s WALL (       1 calls)
     compute_amn  :      0.35s CPU      0.35s WALL (       1 calls)
     compute_mmn  :      0.06s CPU      0.06s WALL (       1 calls)
     write_unk    :      3.88s CPU      3.95s WALL (       1 calls)

     PW2WANNIER   :      4.45s CPU      4.52s WALL


   This run was terminated on:  11:22:36  18Jan2022            

=------------------------------------------------------------------------------=
   JOB DONE.
=------------------------------------------------------------------------------=

