
     Program PWSCF v.6.8 starts on 18Jan2022 at 11:20:44 

     This program is part of the open-source Quantum ESPRESSO suite
     for quantum simulation of materials; please cite
         "P. Giannozzi et al., J. Phys.:Condens. Matter 21 395502 (2009);
         "P. Giannozzi et al., J. Phys.:Condens. Matter 29 465901 (2017);
         "P. Giannozzi et al., J. Chem. Phys. 152 154105 (2020);
          URL http://www.quantum-espresso.org", 
     in publications or presentations arising from this work. More details at
     http://www.quantum-espresso.org/quote

     Parallel version (MPI), running on     8 processors

     MPI processes distributed on     1 nodes
     K-points division:     npool     =       8
     91405 MiB available memory on the printing compute node when the environment starts

     Waiting for input...
     Reading input from standard input

     Current dimensions of program PWSCF are:
     Max number of different atomic species (ntypx) = 10
     Max number of k-points (npk) =  40000
     Max angular momentum in pseudopotentials (lmaxx) =  4
     Message from routine scan_end:
     No INFO block end statement, possibly corrupted file
     file Si_HSCV_PBE-1.0.UPF: wavefunction(s)  NL renormalized

     Subspace diagonalization in iterative solution of the eigenvalue problem:
     a serial algorithm will be used


     G-vector sticks info
     --------------------
     sticks:   dense  smooth     PW     G-vecs:    dense   smooth      PW
     Sum         361     361    121                 4573     4573     893

     Using Slab Decomposition



     bravais-lattice index     =            2
     lattice parameter (alat)  =      10.2630  a.u.
     unit-cell volume          =     270.2483 (a.u.)^3
     number of atoms/cell      =            2
     number of atomic types    =            1
     number of electrons       =         8.00
     number of Kohn-Sham states=            4
     kinetic-energy cutoff     =      25.0000  Ry
     charge density cutoff     =     100.0000  Ry
     scf convergence threshold =      1.0E-08
     mixing beta               =       0.7000
     number of iterations used =            8  plain     mixing
     Exchange-correlation=  SLA  PW   PBE  PBE
                           (   1   4   3   4   0   0   0)

     celldm(1)=  10.263000  celldm(2)=   0.000000  celldm(3)=   0.000000
     celldm(4)=   0.000000  celldm(5)=   0.000000  celldm(6)=   0.000000

     crystal axes: (cart. coord. in units of alat)
               a(1) = (  -0.500000   0.000000   0.500000 )  
               a(2) = (   0.000000   0.500000   0.500000 )  
               a(3) = (  -0.500000   0.500000   0.000000 )  

     reciprocal axes: (cart. coord. in units 2 pi/alat)
               b(1) = ( -1.000000 -1.000000  1.000000 )  
               b(2) = (  1.000000  1.000000  1.000000 )  
               b(3) = ( -1.000000  1.000000 -1.000000 )  


     PseudoPot. # 1 for Si read from file:
     ./pseudo/Si_HSCV_PBE-1.0.UPF
     MD5 check sum: 86ffad5844b02d1761663db2768711ee
     Pseudo is Norm-conserving, Zval =  4.0
     Generated by new atomic code, or converted to UPF format
     Using radial grid of 2000 points,  2 beta functions with: 
                l(1) =   0
                l(2) =   1

     atomic species   valence    mass     pseudopotential
        Si             4.00    28.08550     Si( 1.00)

     48 Sym. Ops., with inversion, found (24 have fractional translation)



   Cartesian axes

     site n.     atom                  positions (alat units)
         1           Si  tau(   1) = (   0.2500000   0.2500000   0.2500000  )
         2           Si  tau(   2) = (   0.0000000   0.0000000   0.0000000  )

     number of k points=    47
                       cart. coord. in units 2pi/alat
        k(    1) = (   0.0000000   0.0000000   0.0000000), wk =   0.0020000
        k(    2) = (  -0.1000000   0.1000000  -0.1000000), wk =   0.0160000
        k(    3) = (  -0.2000000   0.2000000  -0.2000000), wk =   0.0160000
        k(    4) = (  -0.3000000   0.3000000  -0.3000000), wk =   0.0160000
        k(    5) = (  -0.4000000   0.4000000  -0.4000000), wk =   0.0160000
        k(    6) = (   0.5000000  -0.5000000   0.5000000), wk =   0.0080000
        k(    7) = (   0.0000000   0.2000000   0.0000000), wk =   0.0120000
        k(    8) = (  -0.1000000   0.3000000  -0.1000000), wk =   0.0480000
        k(    9) = (  -0.2000000   0.4000000  -0.2000000), wk =   0.0480000
        k(   10) = (  -0.3000000   0.5000000  -0.3000000), wk =   0.0480000
        k(   11) = (   0.6000000  -0.4000000   0.6000000), wk =   0.0480000
        k(   12) = (   0.5000000  -0.3000000   0.5000000), wk =   0.0480000
        k(   13) = (   0.4000000  -0.2000000   0.4000000), wk =   0.0480000
        k(   14) = (   0.3000000  -0.1000000   0.3000000), wk =   0.0480000
        k(   15) = (   0.2000000   0.0000000   0.2000000), wk =   0.0240000
        k(   16) = (   0.0000000   0.4000000   0.0000000), wk =   0.0120000
        k(   17) = (  -0.1000000   0.5000000  -0.1000000), wk =   0.0480000
        k(   18) = (  -0.2000000   0.6000000  -0.2000000), wk =   0.0480000
        k(   19) = (   0.7000000  -0.3000000   0.7000000), wk =   0.0480000
        k(   20) = (   0.6000000  -0.2000000   0.6000000), wk =   0.0480000
        k(   21) = (   0.5000000  -0.1000000   0.5000000), wk =   0.0480000
        k(   22) = (   0.4000000   0.0000000   0.4000000), wk =   0.0240000
        k(   23) = (   0.0000000   0.6000000   0.0000000), wk =   0.0120000
        k(   24) = (  -0.1000000   0.7000000  -0.1000000), wk =   0.0480000
        k(   25) = (   0.8000000  -0.2000000   0.8000000), wk =   0.0480000
        k(   26) = (   0.7000000  -0.1000000   0.7000000), wk =   0.0480000
        k(   27) = (   0.6000000  -0.0000000   0.6000000), wk =   0.0240000
        k(   28) = (   0.0000000   0.8000000   0.0000000), wk =   0.0120000
        k(   29) = (   0.9000000  -0.1000000   0.9000000), wk =   0.0480000
        k(   30) = (   0.8000000   0.0000000   0.8000000), wk =   0.0240000
        k(   31) = (   0.0000000  -1.0000000   0.0000000), wk =   0.0060000
        k(   32) = (  -0.2000000   0.4000000   0.0000000), wk =   0.0480000
        k(   33) = (  -0.3000000   0.5000000  -0.1000000), wk =   0.0960000
        k(   34) = (   0.6000000  -0.4000000   0.8000000), wk =   0.0960000
        k(   35) = (   0.5000000  -0.3000000   0.7000000), wk =   0.0480000
        k(   36) = (  -0.2000000   0.6000000   0.0000000), wk =   0.0480000
        k(   37) = (   0.7000000  -0.3000000   0.9000000), wk =   0.0960000
        k(   38) = (   0.6000000  -0.2000000   0.8000000), wk =   0.0960000
        k(   39) = (   0.5000000  -0.1000000   0.7000000), wk =   0.0960000
        k(   40) = (   0.4000000   0.0000000   0.6000000), wk =   0.0480000
        k(   41) = (   0.8000000  -0.2000000   1.0000000), wk =   0.0480000
        k(   42) = (   0.7000000  -0.1000000   0.9000000), wk =   0.0960000
        k(   43) = (   0.6000000   0.0000000   0.8000000), wk =   0.0480000
        k(   44) = (  -0.2000000  -1.0000000   0.0000000), wk =   0.0240000
        k(   45) = (   0.6000000  -0.2000000   1.0000000), wk =   0.0480000
        k(   46) = (   0.5000000  -0.1000000   0.9000000), wk =   0.0480000
        k(   47) = (  -0.4000000  -1.0000000   0.0000000), wk =   0.0240000

     Dense  grid:     4573 G-vectors     FFT dimensions: (  24,  24,  24)

     Estimated max dynamical RAM per process >       3.55 MB

     Estimated total dynamical RAM >      20.61 MB

     Initial potential from superposition of free atoms

     starting charge    7.99877, renormalised to    8.00000
     Starting wfcs are   18 randomized atomic wfcs

     total cpu time spent up to now is        0.2 secs

     Self-consistent Calculation

     iteration #  1     ecut=    25.00 Ry     beta= 0.70
     CG style diagonalization
     ethr =  1.00E-02,  avg # of iterations =  2.9

     Threshold (ethr) on eigenvalues was too large:
     Diagonalizing with lowered threshold

     CG style diagonalization
     ethr =  7.12E-04,  avg # of iterations =  2.1

     total cpu time spent up to now is        0.2 secs

     total energy              =     -15.76079989 Ry
     estimated scf accuracy    <       0.05669833 Ry

     iteration #  2     ecut=    25.00 Ry     beta= 0.70
     CG style diagonalization
     ethr =  7.09E-04,  avg # of iterations =  3.0

     total cpu time spent up to now is        0.2 secs

          k = 0.0000 0.0000 0.0000     band energies (ev):

    -5.8115   6.1564   6.1564   6.1564

          k =-0.1000 0.1000-0.1000     band energies (ev):

    -5.6803   5.0111   5.9599   5.9599

          k =-0.2000 0.2000-0.2000     band energies (ev):

    -5.2930   3.1509   5.5814   5.5815

          k =-0.3000 0.3000-0.3000     band energies (ev):

    -4.6766   1.3663   5.2473   5.2473

          k =-0.4000 0.4000-0.4000     band energies (ev):

    -3.9290  -0.1093   5.0349   5.0349

          k = 0.5000-0.5000 0.5000     band energies (ev):

    -3.4777  -0.8065   4.9633   4.9633

          k = 0.0000 0.2000 0.0000     band energies (ev):

    -5.6363   5.2106   5.5854   5.5855

          k =-0.1000 0.3000-0.1000     band energies (ev):

    -5.3331   3.7046   5.1525   5.3195

          k =-0.2000 0.4000-0.2000     band energies (ev):

    -4.7886   1.9473   4.8341   4.8868

          k =-0.3000 0.5000-0.3000     band energies (ev):

    -4.0638   0.3753   4.4758   4.6865

          k = 0.6000-0.4000 0.6000     band energies (ev):

    -3.4229  -0.6610   4.1862   4.7187

          k = 0.5000-0.3000 0.5000     band energies (ev):

    -3.5901  -0.4125   4.0588   4.9173

          k = 0.4000-0.2000 0.4000     band energies (ev):

    -4.3195   0.8690   4.1195   5.2505

          k = 0.3000-0.1000 0.3000     band energies (ev):

    -4.9964   2.5165   4.3959   5.6548

          k = 0.2000 0.0000 0.2000     band energies (ev):

    -5.4632   4.1243   5.0054   5.9803

          k = 0.0000 0.4000 0.0000     band energies (ev):

    -5.1146   3.5260   4.6780   4.6781

          k =-0.1000 0.5000-0.1000     band energies (ev):

    -4.6480   2.2837   4.1708   4.3305

          k =-0.2000 0.6000-0.2000     band energies (ev):

    -3.9717   0.8497   3.5418   4.1708

          k = 0.7000-0.3000 0.7000     band energies (ev):

    -3.2402  -0.3332   3.0320   4.2143

          k = 0.6000-0.2000 0.6000     band energies (ev):

    -3.0875  -0.5412   2.7340   4.4517

          k = 0.5000-0.1000 0.5000     band energies (ev):

    -3.7414   0.4446   2.7146   4.8476

          k = 0.4000 0.0000 0.4000     band energies (ev):

    -4.4602   1.6813   3.1690   5.3157

          k = 0.0000 0.6000 0.0000     band energies (ev):

    -4.2592   1.7373   3.9383   3.9384

          k =-0.1000 0.7000-0.1000     band energies (ev):

    -3.6455   0.7332   3.3139   3.7337

          k = 0.8000-0.2000 0.8000     band energies (ev):

    -2.8947  -0.2717   2.4854   3.7402

          k = 0.7000-0.1000 0.7000     band energies (ev):

    -2.4758  -0.7466   1.9320   3.9551

          k = 0.6000-0.0000 0.6000     band energies (ev):

    -3.0144  -0.1573   1.9061   4.3503

          k = 0.0000 0.8000 0.0000     band energies (ev):

    -3.0945  -0.0228   3.4740   3.4740

          k = 0.9000-0.1000 0.9000     band energies (ev):

    -2.3650  -0.8631   2.8901   3.4255

          k = 0.8000 0.0000 0.8000     band energies (ev):

    -1.8899  -1.2831   2.1078   3.5924

          k = 0.0000-1.0000 0.0000     band energies (ev):

    -1.6616  -1.6616   3.3166   3.3166

          k =-0.2000 0.4000 0.0000     band energies (ev):

    -4.9490   2.7811   4.0875   5.1902

          k =-0.3000 0.5000-0.1000     band energies (ev):

    -4.3366   1.3751   3.4977   4.8175

          k = 0.6000-0.4000 0.8000     band energies (ev):

    -3.5891   0.0140   3.2648   4.4694

          k = 0.5000-0.3000 0.7000     band energies (ev):

    -3.1302  -0.6627   3.2044   4.3324

          k =-0.2000 0.6000 0.0000     band energies (ev):

    -4.1094   1.3827   3.3620   4.0823

          k = 0.7000-0.3000 0.9000     band energies (ev):

    -3.3883   0.2827   2.7429   3.7551

          k = 0.6000-0.2000 0.8000     band energies (ev):

    -2.7383  -0.5786   2.3341   3.6998

          k = 0.5000-0.1000 0.7000     band energies (ev):

    -2.9397  -0.3196   2.1842   3.9389

          k = 0.4000 0.0000 0.6000     band energies (ev):

    -3.6757   0.6287   2.4854   4.3774

          k = 0.8000-0.2000 1.0000     band energies (ev):

    -2.9764  -0.1086   2.9518   3.2784

          k = 0.7000-0.1000 0.9000     band energies (ev):

    -2.2378  -0.8830   2.2509   3.1876

          k = 0.6000 0.0000 0.8000     band energies (ev):

    -2.2440  -0.8557   1.8352   3.4567

          k =-0.2000-1.0000 0.0000     band energies (ev):

    -1.6087  -1.6087   2.9093   2.9094

          k = 0.6000-0.2000 1.0000     band energies (ev):

    -2.6557  -0.4062   2.1918   3.1788

          k = 0.5000-0.1000 0.9000     band energies (ev):

    -2.1447  -0.9152   2.0342   2.9279

          k =-0.4000-1.0000 0.0000     band energies (ev):

    -1.5156  -1.5156   2.3968   2.3969

     highest occupied level (ev):     6.1564

!    total energy              =     -15.76289590 Ry
     estimated scf accuracy    <       0.00262594 Ry

     The total energy is the sum of the following terms:
     one-electron contribution =       4.74907765 Ry
     hartree contribution      =       1.09980770 Ry
     xc contribution           =      -4.81889473 Ry
     ewald contribution        =     -16.79601848 Ry
     scf correction            =       0.00313196 Ry

     iteration #  3     ecut=    25.00 Ry     beta= 0.70
     CG style diagonalization
     ethr =  3.28E-05,  avg # of iterations =  3.3

     total cpu time spent up to now is        0.3 secs

     total energy              =     -15.76319038 Ry
     estimated scf accuracy    <       0.00005322 Ry

     iteration #  4     ecut=    25.00 Ry     beta= 0.70
     CG style diagonalization
     ethr =  6.65E-07,  avg # of iterations =  4.2

     total cpu time spent up to now is        0.3 secs

          k = 0.0000 0.0000 0.0000     band energies (ev):

    -5.7590   6.2159   6.2159   6.2159

          k =-0.1000 0.1000-0.1000     band energies (ev):

    -5.6278   5.0672   6.0178   6.0178

          k =-0.2000 0.2000-0.2000     band energies (ev):

    -5.2404   3.2049   5.6375   5.6375

          k =-0.3000 0.3000-0.3000     band energies (ev):

    -4.6238   1.4193   5.3025   5.3025

          k =-0.4000 0.4000-0.4000     band energies (ev):

    -3.8758  -0.0570   5.0898   5.0898

          k = 0.5000-0.5000 0.5000     band energies (ev):

    -3.4239  -0.7548   5.0182   5.0182

          k = 0.0000 0.2000 0.0000     band energies (ev):

    -5.5838   5.2697   5.6409   5.6409

          k =-0.1000 0.3000-0.1000     band energies (ev):

    -5.2806   3.7602   5.2063   5.3749

          k =-0.2000 0.4000-0.2000     band energies (ev):

    -4.7359   2.0012   4.8871   4.9413

          k =-0.3000 0.5000-0.3000     band energies (ev):

    -4.0106   0.4283   4.5298   4.7395

          k = 0.6000-0.4000 0.6000     band energies (ev):

    -3.3693  -0.6089   4.2397   4.7722

          k = 0.5000-0.3000 0.5000     band energies (ev):

    -3.5366  -0.3601   4.1117   4.9717

          k = 0.4000-0.2000 0.4000     band energies (ev):

    -4.2665   0.9222   4.1721   5.3061

          k = 0.3000-0.1000 0.3000     band energies (ev):

    -4.9437   2.5708   4.4482   5.7121

          k = 0.2000 0.0000 0.2000     band energies (ev):

    -5.4107   4.1804   5.0582   6.0391

          k = 0.0000 0.4000 0.0000     band energies (ev):

    -5.0620   3.5844   4.7304   4.7304

          k =-0.1000 0.5000-0.1000     band energies (ev):

    -4.5952   2.3400   4.2224   4.3821

          k =-0.2000 0.6000-0.2000     band energies (ev):

    -3.9186   0.9042   3.5938   4.2223

          k = 0.7000-0.3000 0.7000     band energies (ev):

    -3.1866  -0.2799   3.0840   4.2661

          k = 0.6000-0.2000 0.6000     band energies (ev):

    -3.0336  -0.4882   2.7857   4.5042

          k = 0.5000-0.1000 0.5000     band energies (ev):

    -3.6882   0.4985   2.7657   4.9013

          k = 0.4000 0.0000 0.4000     band energies (ev):

    -4.4073   1.7363   3.2196   5.3714

          k = 0.0000 0.6000 0.0000     band energies (ev):

    -4.2063   1.7942   3.9892   3.9892

          k =-0.1000 0.7000-0.1000     band energies (ev):

    -3.5923   0.7891   3.3636   3.7843

          k = 0.8000-0.2000 0.8000     band energies (ev):

    -2.8410  -0.2168   2.5352   3.7909

          k = 0.7000-0.1000 0.7000     band energies (ev):

    -2.4216  -0.6925   1.9819   4.0063

          k = 0.6000-0.0000 0.6000     band energies (ev):

    -2.9607  -0.1027   1.9560   4.4025

          k = 0.0000 0.8000 0.0000     band energies (ev):

    -3.0412   0.0326   3.5242   3.5242

          k = 0.9000-0.1000 0.9000     band energies (ev):

    -2.3112  -0.8083   2.9392   3.4756

          k = 0.8000 0.0000 0.8000     band energies (ev):

    -1.8354  -1.2289   2.1570   3.6428

          k = 0.0000-1.0000 0.0000     band energies (ev):

    -1.6074  -1.6074   3.3666   3.3666

          k =-0.2000 0.4000 0.0000     band energies (ev):

    -4.8963   2.8370   4.1385   5.2452

          k =-0.3000 0.5000-0.1000     band energies (ev):

    -4.2837   1.4296   3.5492   4.8708

          k = 0.6000-0.4000 0.8000     band energies (ev):

    -3.5357   0.0673   3.3169   4.5213

          k = 0.5000-0.3000 0.7000     band energies (ev):

    -3.0763  -0.6101   3.2569   4.3838

          k =-0.2000 0.6000 0.0000     band energies (ev):

    -4.0564   1.4388   3.4120   4.1333

          k = 0.7000-0.3000 0.9000     band energies (ev):

    -3.3350   0.3377   2.7934   3.8052

          k = 0.6000-0.2000 0.8000     band energies (ev):

    -2.6843  -0.5247   2.3849   3.7496

          k = 0.5000-0.1000 0.7000     band energies (ev):

    -2.8859  -0.2655   2.2346   3.9894

          k = 0.4000 0.0000 0.6000     band energies (ev):

    -3.6224   0.6837   2.5355   4.4290

          k = 0.8000-0.2000 1.0000     band energies (ev):

    -2.9229  -0.0532   3.0012   3.3276

          k = 0.7000-0.1000 0.9000     band energies (ev):

    -2.1837  -0.8282   2.3003   3.2369

          k = 0.6000 0.0000 0.8000     band energies (ev):

    -2.1897  -0.8012   1.8847   3.5065

          k =-0.2000-1.0000 0.0000     band energies (ev):

    -1.5544  -1.5544   2.9585   2.9585

          k = 0.6000-0.2000 1.0000     band energies (ev):

    -2.6018  -0.3511   2.2415   3.2283

          k = 0.5000-0.1000 0.9000     band energies (ev):

    -2.0903  -0.8606   2.0839   2.9773

          k =-0.4000-1.0000 0.0000     band energies (ev):

    -1.4610  -1.4610   2.4461   2.4461

     highest occupied level (ev):     6.2159

!    total energy              =     -15.76321162 Ry
     estimated scf accuracy    <       0.00000169 Ry

     The total energy is the sum of the following terms:
     one-electron contribution =       4.75680027 Ry
     hartree contribution      =       1.09414551 Ry
     xc contribution           =      -4.81831583 Ry
     ewald contribution        =     -16.79601848 Ry
     scf correction            =       0.00017691 Ry

     iteration #  5     ecut=    25.00 Ry     beta= 0.70
     CG style diagonalization
     ethr =  2.12E-08,  avg # of iterations =  4.0

     total cpu time spent up to now is        0.3 secs

     total energy              =     -15.76321209 Ry
     estimated scf accuracy    <       0.00000008 Ry

     iteration #  6     ecut=    25.00 Ry     beta= 0.70
     CG style diagonalization
     ethr =  9.84E-10,  avg # of iterations =  4.1

     total cpu time spent up to now is        0.3 secs

     End of self-consistent calculation

          k = 0.0000 0.0000 0.0000 (   537 PWs)   bands (ev):

    -5.7565   6.2191   6.2191   6.2191

          k =-0.1000 0.1000-0.1000 (   555 PWs)   bands (ev):

    -5.6253   5.0701   6.0210   6.0210

          k =-0.2000 0.2000-0.2000 (   564 PWs)   bands (ev):

    -5.2379   3.2077   5.6405   5.6405

          k =-0.3000 0.3000-0.3000 (   571 PWs)   bands (ev):

    -4.6212   1.4219   5.3054   5.3054

          k =-0.4000 0.4000-0.4000 (   586 PWs)   bands (ev):

    -3.8731  -0.0544   5.0927   5.0927

          k = 0.5000-0.5000 0.5000 (   568 PWs)   bands (ev):

    -3.4212  -0.7523   5.0211   5.0211

          k = 0.0000 0.2000 0.0000 (   564 PWs)   bands (ev):

    -5.5812   5.2729   5.6439   5.6439

          k =-0.1000 0.3000-0.1000 (   565 PWs)   bands (ev):

    -5.2780   3.7632   5.2091   5.3778

          k =-0.2000 0.4000-0.2000 (   575 PWs)   bands (ev):

    -4.7332   2.0039   4.8899   4.9442

          k =-0.3000 0.5000-0.3000 (   575 PWs)   bands (ev):

    -4.0080   0.4309   4.5326   4.7422

          k = 0.6000-0.4000 0.6000 (   573 PWs)   bands (ev):

    -3.3665  -0.6064   4.2424   4.7750

          k = 0.5000-0.3000 0.5000 (   575 PWs)   bands (ev):

    -3.5339  -0.3576   4.1144   4.9745

          k = 0.4000-0.2000 0.4000 (   571 PWs)   bands (ev):

    -4.2639   0.9249   4.1748   5.3091

          k = 0.3000-0.1000 0.3000 (   570 PWs)   bands (ev):

    -4.9411   2.5736   4.4508   5.7151

          k = 0.2000 0.0000 0.2000 (   559 PWs)   bands (ev):

    -5.4081   4.1834   5.0609   6.0423

          k = 0.0000 0.4000 0.0000 (   572 PWs)   bands (ev):

    -5.0594   3.5875   4.7331   4.7331

          k =-0.1000 0.5000-0.1000 (   572 PWs)   bands (ev):

    -4.5926   2.3429   4.2250   4.3848

          k =-0.2000 0.6000-0.2000 (   572 PWs)   bands (ev):

    -3.9159   0.9070   3.5964   4.2249

          k = 0.7000-0.3000 0.7000 (   570 PWs)   bands (ev):

    -3.1839  -0.2773   3.0865   4.2687

          k = 0.6000-0.2000 0.6000 (   572 PWs)   bands (ev):

    -3.0309  -0.4856   2.7882   4.5069

          k = 0.5000-0.1000 0.5000 (   570 PWs)   bands (ev):

    -3.6855   0.5013   2.7681   4.9041

          k = 0.4000 0.0000 0.4000 (   562 PWs)   bands (ev):

    -4.4047   1.7392   3.2220   5.3743

          k = 0.0000 0.6000 0.0000 (   568 PWs)   bands (ev):

    -4.2037   1.7973   3.9918   3.9918

          k =-0.1000 0.7000-0.1000 (   573 PWs)   bands (ev):

    -3.5897   0.7920   3.3660   3.7868

          k = 0.8000-0.2000 0.8000 (   570 PWs)   bands (ev):

    -2.8383  -0.2140   2.5376   3.7934

          k = 0.7000-0.1000 0.7000 (   571 PWs)   bands (ev):

    -2.4188  -0.6897   1.9841   4.0089

          k = 0.6000-0.0000 0.6000 (   572 PWs)   bands (ev):

    -2.9579  -0.0999   1.9583   4.4052

          k = 0.0000 0.8000 0.0000 (   568 PWs)   bands (ev):

    -3.0385   0.0355   3.5267   3.5267

          k = 0.9000-0.1000 0.9000 (   568 PWs)   bands (ev):

    -2.3085  -0.8054   2.9416   3.4781

          k = 0.8000 0.0000 0.8000 (   580 PWs)   bands (ev):

    -1.8325  -1.2261   2.1592   3.6454

          k = 0.0000-1.0000 0.0000 (   588 PWs)   bands (ev):

    -1.6046  -1.6046   3.3691   3.3691

          k =-0.2000 0.4000 0.0000 (   570 PWs)   bands (ev):

    -4.8937   2.8400   4.1410   5.2481

          k =-0.3000 0.5000-0.1000 (   571 PWs)   bands (ev):

    -4.2810   1.4324   3.5517   4.8736

          k = 0.6000-0.4000 0.8000 (   569 PWs)   bands (ev):

    -3.5330   0.0700   3.3195   4.5240

          k = 0.5000-0.3000 0.7000 (   564 PWs)   bands (ev):

    -3.0735  -0.6075   3.2595   4.3864

          k =-0.2000 0.6000 0.0000 (   573 PWs)   bands (ev):

    -4.0538   1.4418   3.4145   4.1359

          k = 0.7000-0.3000 0.9000 (   570 PWs)   bands (ev):

    -3.3322   0.3405   2.7958   3.8077

          k = 0.6000-0.2000 0.8000 (   570 PWs)   bands (ev):

    -2.6815  -0.5220   2.3873   3.7521

          k = 0.5000-0.1000 0.7000 (   569 PWs)   bands (ev):

    -2.8832  -0.2627   2.2370   3.9919

          k = 0.4000 0.0000 0.6000 (   568 PWs)   bands (ev):

    -3.6197   0.6866   2.5378   4.4316

          k = 0.8000-0.2000 1.0000 (   577 PWs)   bands (ev):

    -2.9201  -0.0503   3.0036   3.3300

          k = 0.7000-0.1000 0.9000 (   574 PWs)   bands (ev):

    -2.1809  -0.8253   2.3025   3.2393

          k = 0.6000 0.0000 0.8000 (   569 PWs)   bands (ev):

    -2.1869  -0.7983   1.8869   3.5089

          k =-0.2000-1.0000 0.0000 (   578 PWs)   bands (ev):

    -1.5516  -1.5516   2.9608   2.9608

          k = 0.6000-0.2000 1.0000 (   565 PWs)   bands (ev):

    -2.5990  -0.3482   2.2437   3.2307

          k = 0.5000-0.1000 0.9000 (   570 PWs)   bands (ev):

    -2.0875  -0.8577   2.0861   2.9797

          k =-0.4000-1.0000 0.0000 (   568 PWs)   bands (ev):

    -1.4582  -1.4582   2.4484   2.4484

     highest occupied level (ev):     6.2191

!    total energy              =     -15.76321212 Ry
     estimated scf accuracy    <          4.2E-09 Ry

     The total energy is the sum of the following terms:
     one-electron contribution =       4.75718360 Ry
     hartree contribution      =       1.09380859 Ry
     xc contribution           =      -4.81818583 Ry
     ewald contribution        =     -16.79601848 Ry

     convergence has been achieved in   6 iterations

     Forces acting on atoms (cartesian axes, Ry/au):

     atom    1 type  1   force =     0.00000000    0.00000000    0.00000000
     atom    2 type  1   force =    -0.00000000   -0.00000000   -0.00000000

     Total force =     0.000000     Total SCF correction =     0.000000

     Writing output data file ./si.save/

     init_run     :      0.10s CPU      0.11s WALL (       1 calls)
     electrons    :      0.16s CPU      0.16s WALL (       1 calls)
     forces       :      0.00s CPU      0.01s WALL (       1 calls)

     Called by init_run:
     wfcinit      :      0.02s CPU      0.02s WALL (       1 calls)
     potinit      :      0.01s CPU      0.01s WALL (       1 calls)
     hinit0       :      0.07s CPU      0.07s WALL (       1 calls)

     Called by electrons:
     c_bands      :      0.11s CPU      0.11s WALL (       7 calls)
     sum_band     :      0.02s CPU      0.02s WALL (       7 calls)
     v_of_rho     :      0.02s CPU      0.02s WALL (       7 calls)
     mix_rho      :      0.00s CPU      0.00s WALL (       7 calls)

     Called by c_bands:
     init_us_2    :      0.00s CPU      0.00s WALL (      96 calls)
     ccgdiagg     :      0.08s CPU      0.08s WALL (      42 calls)
     wfcrot       :      0.04s CPU      0.04s WALL (      36 calls)

     Called by *cgdiagg:
     h_psi        :      0.11s CPU      0.11s WALL (     490 calls)

     Called by h_psi:
     h_psi:calbec :      0.00s CPU      0.00s WALL (     490 calls)
     vloc_psi     :      0.10s CPU      0.10s WALL (     490 calls)
     add_vuspsi   :      0.00s CPU      0.00s WALL (     490 calls)
     hs_1psi      :      0.07s CPU      0.07s WALL (     454 calls)
     s_1psi       :      0.00s CPU      0.00s WALL (     454 calls)

     General routines
     calbec       :      0.01s CPU      0.01s WALL (     968 calls)
     fft          :      0.01s CPU      0.01s WALL (      72 calls)
     ffts         :      0.00s CPU      0.00s WALL (       7 calls)
     fftw         :      0.10s CPU      0.10s WALL (    1532 calls)

     Parallel routines

     PWSCF        :      0.33s CPU      0.36s WALL


   This run was terminated on:  11:20:44  18Jan2022            

=------------------------------------------------------------------------------=
   JOB DONE.
=------------------------------------------------------------------------------=
